XXXXXXXXXXXXXXXXX   XXXXXXXXXXXXXXXXXXXX
XXXXXXXXXXXXXXXXX  XXXXXXXXXXXXXXXXXXXXX
XXXXXXXXXXXXXXXXX   XXXX            XXXX
XXXXXXXXXXXXXXXXX   XXXX            XXXX
XXXXXX        X             XXXXXX  XXXX
XXXXXX  XXXXXXXX            XXXXXX  XXXX
XXXXXX XXXXXXXXXX   X       XXXXXX  XXXX
XXXXXX XXXXXXXXXX   X      XXXXXXX  XXXX
XXXXXX XXXXXXXXXX   XXXX      X     XXXX
XXXXXX XXXXXXXXXXXX XXXXXXXXXXXXXXXXXXXX
XXXXXX XXXXXXXXXX                   XXXX
XXXXXX XXXXXXXXXX                   XXXX
XXXXXX XXXXXXXXXX                   XXXX
XXXXXX XXXXXXXXXX   XXXXXXXXXXXXXXXXXXXX
       XXXXXXXXXX   XXXX            XXXX
       XXXXXXXXXX   XXXX            XXXX
        XXXXXXXX            XXXX    XXXX
                 X  XXXX    XXXX    XXXX
XXXX                        XXXX    XXXX
XXXX                        XXXX    XXXX
XXXX        X                       XXXX
XXXXXXXX                            XXXX
XXXX                  XXXX          XXXX
XXXX  X XX            XXXX          XXXX
XXXX    XXXXXX        XXXX          XXXX
XXXX    XXXXXX        XXXX     X    XXXX
XXXX    XXXXXX                      XXXX
XXXXXXXXXXXXXXX XXX XXXXXXXXXXXXXXXXXXXX
   X                                XXXX
   X                 X              XXXX
   X                                XXXX
   XXXXXXXXXXXXXXXXX  XXXXXXXXXXXXXXXXXX
                   X  X                 
                   X  X                 
                   X  X                 